# ABLATION REPORT (v2.6.1) — SMART 봇 기능 분해

조건당 200판, 동일 seed 세트. 이동·회피·대시·교전 거리는 모든 조건이 같은 코드를 쓰고, 표시된 판단만 제거한다.
업그레이드 선택은 전부 무작위(빌드 편향 배제).

| 조건 | 보스 도달률 | FULL 대비 | 클리어율 | 평균 생존 | 처치 | ELITE SYNC BREAK | RELAY BURST | ELITE 처치 |
|---|---|---|---|---|---|---|---|---|
| FULL SMART | 74% | — | 73% | 4:42 | 230 | 4.07 | 2.21 | 14.03 |
| NO WARDEN FLANK | 68% | -5%p | 67% | 4:39 | 226 | 4.04 | 2.17 | 13.60 |
| NO PHASE LURE | 74% | +0%p | 73% | 4:43 | 230 | 4.01 | 2.08 | 13.86 |
| NO ELITE SYNC | 82% | +8%p | 82% | 4:50 | 239 | 4.54 | 2.45 | 14.77 |
| BASIC (대조군) | 67% | -7%p | 66% | 4:38 | 225 | 3.88 | 2.29 | 13.82 |

## 사망 원인 분포 (사망한 판 기준)

| 조건 | WARDEN | PHASE HUNTER | ELITE | SHOOTER | CHASER |
|---|---|---|---|---|---|
| FULL SMART | 78% | 2% | 15% | 4% | 5% |
| NO WARDEN FLANK | 71% | 3% | 20% | 6% | 3% |
| NO PHASE LURE | 80% | 4% | 13% | 0% | 2% |
| NO ELITE SYNC | 73% | 3% | 24% | 3% | 0% |
| BASIC (대조군) | 78% | 6% | 15% | 1% | 0% |

## 해석

- **WARDEN 측후방 공략** 제거 시 보스 도달률 68% (-5%p), 평균 생존 4:39 → 기여 큼
- **PHASE HUNTER를 ECHO에 맡기는 판단** 제거 시 보스 도달률 74% (+0%p), 평균 생존 4:43 → 기여 거의 없음
- **ELITE SYNC LOCK / RELAY CORE 타이밍** 제거 시 보스 도달률 82% (+8%p), 평균 생존 4:50 → **역효과** (제거하는 편이 유리)
- 대조군 BASIC(모든 ECHO 판단 없음): 도달률 67% (-7%p)

예외 0건, 경과 289.2s

