# LONG BUILD REPORT (v2.6.1) — 300초 전체 런 빌드 벤치마크

빌드당 200판, 동일 seed 세트. 조작은 전부 SMART 봇으로 통일하고 업그레이드 선택만 빌드별 우선순위를 따른다(300초 일반 구간 + PARADOX CORE).

| 빌드 | 보스 도달률 | 전체 클리어율 | 도달 중 클리어 | 평균 생존 | 처치 | 보스 진입 LV | 총 DPS | 받은 피해 |
|---|---|---|---|---|---|---|---|---|
| ATTACK | 79% | 78% | 99% | 4:45 | 234 | 11.8 | 2.46 | 5.9 |
| ECHO | 76% | 75% | 99% | 4:43 | 231 | 11.7 | 2.43 | 6.0 |
| DASH | 74% | 73% | 98% | 4:45 | 232 | 11.8 | 2.37 | 6.1 |
| HYBRID | 68% | 66% | 97% | 4:37 | 224 | 11.6 | 2.34 | 6.1 |
| RANDOM | 71% | 70% | 98% | 4:38 | 226 | 11.7 | 2.37 | 6.1 |

## 피해 구성 / 기믹 발동

| 빌드 | PLAYER | ECHO | BASIC 공격 | DASH·TRAIL | SYNERGY | ELITE SYNC BREAK | RELAY BURST | 보스 클리어 시간 | 보스전 받은 피해 | 보스 SYNC BREAK |
|---|---|---|---|---|---|---|---|---|---|---|
| ATTACK | 43% | 49% | 90% | 3% | 2% | 3.88 | 1.60 | 13.7s | 0.25 | 2.4 |
| ECHO | 36% | 54% | 85% | 5% | 3% | 3.94 | 1.98 | 15.1s | 0.26 | 2.7 |
| DASH | 45% | 46% | 81% | 10% | 3% | 4.61 | 2.48 | 21.6s | 0.52 | 3.6 |
| HYBRID | 41% | 47% | 82% | 6% | 5% | 3.86 | 1.99 | 18.1s | 0.33 | 3.1 |
| RANDOM | 42% | 49% | 85% | 6% | 3% | 3.72 | 2.22 | 17.0s | 0.36 | 2.9 |

## 빌드 정체성 판정 (300초 런 기준)

- ATTACK — BASIC 공격 비중 최고: ✅
- ECHO — ECHO 피해 비율 최고: ✅
- DASH — DASH/TRAIL 피해 비율 최고: ✅
- HYBRID — SYNERGY 피해 비율 최고: ✅

## LONG BUILD DOMINANCE

기준(다른 빌드 평균 대비): 보스 도달률 +20%p / 클리어율 +20%p / 처치 +25% / 총 DPS +25% / 보스 시간 -20% 중 3개 이상 동시 충족.

- 해당 없음

각 빌드가 충족한 개별 기준: ATTACK 보스 시간 -24% / ECHO 없음 / DASH 없음 / HYBRID 없음 / RANDOM 없음

예외 0건, 경과 298.8s

